<?xml version="1.0" encoding="UTF-8"?>
<TestRun id="40c0e978-b01e-4657-a299-8a3312f1644f" name="justbe@JUSTBE-HP 2011-07-14 17:30:56" runUser="REDMOND\justbe" xmlns="http://microsoft.com/schemas/VisualStudio/TeamTest/2010">
  <TestSettings name="Local" id="183d1d1a-231b-4bcf-9965-3e5311c151a9">
    <Description>These are default test settings for a local test run.</Description>
    <Deployment enabled="false" runDeploymentRoot="justbe_JUSTBE-HP 2011-07-14 17_30_56" />
    <Execution>
      <TestTypeSpecific />
      <AgentRule name="Execution Agents">
      </AgentRule>
    </Execution>
  </TestSettings>
  <Times creation="2011-07-14T17:30:56.9791790-07:00" queuing="2011-07-14T17:31:01.6776488-07:00" start="2011-07-14T17:31:01.8246635-07:00" finish="2011-07-14T17:31:04.2049015-07:00" />
  <ResultSummary outcome="Completed">
    <Counters total="1" executed="1" passed="1" error="0" failed="0" timeout="0" aborted="0" inconclusive="0" passedButRunAborted="0" notRunnable="0" notExecuted="0" disconnected="0" warning="0" completed="0" inProgress="0" pending="0" />
  </ResultSummary>
  <TestDefinitions>
    <UnitTest name="TestMethod1" storage="c:\users\justbe\code\mvcfun\testproject1\bin\debug\testproject1.dll" id="59863143-3238-122e-4d8a-637b491cc755">
      <Execution id="cc384258-b620-4618-ab41-19e9fa26af32" />
      <TestMethod codeBase="C:/Users/justbe/Code/MvcFun/TestProject1/bin/Debug/TestProject1.DLL" adapterTypeName="Microsoft.VisualStudio.TestTools.TestTypes.Unit.UnitTestAdapter, Microsoft.VisualStudio.QualityTools.Tips.UnitTest.Adapter, Version=10.0.0.0, Culture=neutral, PublicKeyToken=b03f5f7f11d50a3a" className="TestProject1.UnitTest1, TestProject1, Version=1.0.0.0, Culture=neutral, PublicKeyToken=null" name="TestMethod1" />
    </UnitTest>
  </TestDefinitions>
  <TestLists>
    <TestList name="Results Not in a List" id="8c84fa94-04c1-424b-9868-57a2d4851a1d" />
    <TestList name="All Loaded Results" id="19431567-8539-422a-85d7-44ee4e166bda" />
  </TestLists>
  <TestEntries>
    <TestEntry testId="59863143-3238-122e-4d8a-637b491cc755" executionId="cc384258-b620-4618-ab41-19e9fa26af32" testListId="8c84fa94-04c1-424b-9868-57a2d4851a1d" />
  </TestEntries>
  <Results>
    <UnitTestResult executionId="cc384258-b620-4618-ab41-19e9fa26af32" testId="59863143-3238-122e-4d8a-637b491cc755" testName="TestMethod1" computerName="JUSTBE-HP" duration="00:00:00.0155634" startTime="2011-07-14T17:31:01.9886799-07:00" endTime="2011-07-14T17:31:04.1058916-07:00" testType="13cdc9d9-ddb5-4fa4-a97d-d965ccfc6d4b" outcome="Passed" testListId="8c84fa94-04c1-424b-9868-57a2d4851a1d" relativeResultsDirectory="cc384258-b620-4618-ab41-19e9fa26af32">
      <Output>
        <StdOut>it passed!</StdOut>
      </Output>
    </UnitTestResult>
  </Results>
</TestRun>